iwmap 4
"script_startingnumber" 0
"000_Global" flags  active
"The Map" flags expanded 
// entity 0
{
guid "{7D26E002-D487-11E6-B7CC-1C1B0D04B2D7}"
"classname" "worldspawn"
"fsi" "default"
"gravity" "800"
"lodbias" "default"
"lutmaterial" "luts_t7_default"
"numOmniShadowSlices" "24"
"numSpotShadowSlices" "64"
"sky_intensity_factor0" "1"
"sky_intensity_factor1" "1"
"state_alias_1" "State 1"
"state_alias_2" "State 2"
"state_alias_3" "State 3"
"state_alias_4" "State 4"
}
// entity 1
{
guid "{7D26E009-D487-11E6-B7CC-1C1B0D04B2D7}"
"classname" "actor_spawner_zm_brutus"
"ALERTONSPAWN" "0"
"MAKEROOM" "1"
"SCRIPT_FORCESPAWN" "1"
"angles" "0 270 0"
"count" "9999"
"export" "1"
"origin" "0 3 0"
"script_disable_bleeder" "1"
"script_forcespawn" "1"
"script_noteworthy" "zombie_brutus"
"targetname" "brutus_spawner"
"SPAWNER" "1"
"_color" "1 0.25 0"
"engageMaxDist" "700"
"engageMinDist" "250"
"model" "bo2_brutus_fb"
"script_dropammo" "1"
"sm_active_count_max" "3"
"sm_active_count_min" "3"
"spawnflags" "19"
}
